<ul><em itemprop="interactionCount" content="UserPageVisits:10">10 <span class="label info">Views</span><span>&#160;&#160;&#160;</span></em><em itemprop="interactionCount" content="UserLikes:4">4 <span class="label info">Likes</span></em><em itemprop="interactionCount" content="UserPageVisits:10">10 <span class="label info">Views</span><span>&#160;&#160;&#160;</span></em></ul>