<ul><li><a href="#there">everything<span class="ui-li-count">12</span></a></li><li><a href="#there">no_statKey_value</a></li></ul>