<ul><li data-role="list-divider">everything</li></ul>