<p><meta itemprop="dateModified" content="2012-10-11T01:10:00Z"/><span class="label info">11</span><span>&nbsp;</span><span class="label info">October</span><span>&nbsp;</span><span class="label info">2012</span></p><p></p>