<ul><li data-role="list-divider" data-theme="f">Users Title<span class="pull-right"><meta itemprop="dateModified" content="2012-10-11T01:10:00Z"/><span class="label info">11</span><span>&nbsp;</span><span class="label info">October</span><span>&nbsp;</span><span class="label info">2012</span></span></li><li data-role="list-divider" data-theme="f">Users Title<span class="ui-li-count"></span></li></ul>