<ul><li data-role="list-divider" data-theme="f">everything<span class="ui-li-count">3</span></li><li data-role="list-divider" data-theme="f">items_is_empty<span class="ui-li-count">0</span></li></ul>