<ul><li><a href="#there"><img width="48" height="48" src="http://flarebyte.com/logo/48x48/i.png" alt="everything"/><h6>everything </h6><p>any abstract</p><p><em itemprop="interactionCount" content="UserPageVisits:10">10 <span class="label info">Views</span><span>&#160;&#160;&#160;</span></em><em itemprop="interactionCount" content="UserLikes:4">4 <span class="label info">Likes</span></em></p></a></li><li><a href="#there"><img width="48" height="48" src="http://flarebyte.com/logo/48x48/i.png" alt="no_stats"/><h6>no_stats </h6><p>any abstract</p></a></li><li><a href="#there"><img width="48" height="48" src="undefined/48x48/i.png" alt="no_image"/><h6>no_image </h6><p>any abstract</p><p><em itemprop="interactionCount" content="UserPageVisits:10">10 <span class="label info">Views</span><span>&#160;&#160;&#160;</span></em><em itemprop="interactionCount" content="UserLikes:4">4 <span class="label info">Likes</span></em></p></a></li><li><a href="#there"><img width="48" height="48" src="http://flarebyte.com/logo/48x48/i.png" alt="undefined"/><p>no_title</p><p><em itemprop="interactionCount" content="UserPageVisits:10">10 <span class="label info">Views</span><span>&#160;&#160;&#160;</span></em><em itemprop="interactionCount" content="UserLikes:4">4 <span class="label info">Likes</span></em></p></a></li><li><a href="#there"><img width="48" height="48" src="http://flarebyte.com/logo/48x48/i.png" alt="no_abstract"/><h6>no_abstract </h6><p><em itemprop="interactionCount" content="UserPageVisits:10">10 <span class="label info">Views</span><span>&#160;&#160;&#160;</span></em><em itemprop="interactionCount" content="UserLikes:4">4 <span class="label info">Likes</span></em></p></a></li></ul>