<ul><li><a href="http://flarebyte.com">everything<span class="ui-li-count">12</span></a></li><li><a href="http://flarebyte.com">no_statKey_value</a></li><li><a href="undefined">no_pageKey_value</a></li></ul>